warning: method `read_u64_xor` is never used
   --> rose-file-readers\src\irosephvfs.rs:111:8
    |
109 | trait IrosePhXorRead {
    |       -------------- method in this trait
110 |     fn read_u32_xor(&mut self, xor_key_offset: usize) -> Result<u32, ReadError>;
111 |     fn read_u64_xor(&mut self, xor_key_offset: usize) -> Result<u64, ReadError>;
    |        ^^^^^^^^^^^^
    |
    = note: `#[warn(dead_code)]` (part of `#[warn(unused)]`) on by default

warning: hiding a lifetime that's elided elsewhere is confusing
   --> rose-file-readers\src\aruavfs.rs:256:18
    |
256 |     fn open_file(&self, vfs_path: &VfsPath) -> Result<VfsFile, anyhow::Error> {
    |                  ^^^^^ the lifetime is elided here    ^^^^^^^ the same lifetime is hidden here
    |
    = help: the same lifetime is referred to in inconsistent ways, making the signature confusing
    = note: `#[warn(mismatched_lifetime_syntaxes)]` on by default
help: use `'_` for type paths
    |
256 |     fn open_file(&self, vfs_path: &VfsPath) -> Result<VfsFile<'_>, anyhow::Error> {
    |                                                              ++++

warning: hiding a lifetime that's elided elsewhere is confusing
   --> rose-file-readers\src\virtual_filesystem.rs:126:18
    |
126 |     fn open_file(&self, path: &VfsPath) -> Result<VfsFile, anyhow::Error>;
    |                  ^^^^^                            ^^^^^^^ the same lifetime is hidden here
    |                  |
    |                  the lifetime is elided here
    |
    = help: the same lifetime is referred to in inconsistent ways, making the signature confusing
help: use `'_` for type paths
    |
126 |     fn open_file(&self, path: &VfsPath) -> Result<VfsFile<'_>, anyhow::Error>;
    |                                                          ++++

warning: hiding a lifetime that's elided elsewhere is confusing
   --> rose-file-readers\src\virtual_filesystem.rs:141:18
    |
141 |     fn open_file(&self, vfs_path: &VfsPath) -> Result<VfsFile, anyhow::Error> {
    |                  ^^^^^ the lifetime is elided here    ^^^^^^^ the same lifetime is hidden here
    |
    = help: the same lifetime is referred to in inconsistent ways, making the signature confusing
help: use `'_` for type paths
    |
141 |     fn open_file(&self, vfs_path: &VfsPath) -> Result<VfsFile<'_>, anyhow::Error> {
    |                                                              ++++

warning: hiding a lifetime that's elided elsewhere is confusing
   --> rose-file-readers\src\virtual_filesystem.rs:173:26
    |
173 |     pub fn open_file<'a>(&self, path: impl Into<VfsPath<'a>>) -> Result<VfsFile, anyhow::Error> {
    |                          ^^^^^ the lifetime is elided here              ^^^^^^^ the same lifetime is hidden here
    |
    = help: the same lifetime is referred to in inconsistent ways, making the signature confusing
help: use `'_` for type paths
    |
173 |     pub fn open_file<'a>(&self, path: impl Into<VfsPath<'a>>) -> Result<VfsFile<'_>, anyhow::Error> {
    |                                                                                ++++

warning: hiding a lifetime that's elided elsewhere is confusing
   --> rose-file-readers\src\irosephvfs.rs:189:18
    |
189 |     fn open_file(&self, vfs_path: &VfsPath) -> Result<VfsFile, anyhow::Error> {
    |                  ^^^^^ the lifetime is elided here    ^^^^^^^ the same lifetime is hidden here
    |
    = help: the same lifetime is referred to in inconsistent ways, making the signature confusing
help: use `'_` for type paths
    |
189 |     fn open_file(&self, vfs_path: &VfsPath) -> Result<VfsFile<'_>, anyhow::Error> {
    |                                                              ++++

warning: hiding a lifetime that's elided elsewhere is confusing
   --> rose-file-readers\src\titanvfs.rs:162:18
    |
162 |     fn open_file(&self, vfs_path: &VfsPath) -> Result<VfsFile, anyhow::Error> {
    |                  ^^^^^ the lifetime is elided here    ^^^^^^^ the same lifetime is hidden here
    |
    = help: the same lifetime is referred to in inconsistent ways, making the signature confusing
help: use `'_` for type paths
    |
162 |     fn open_file(&self, vfs_path: &VfsPath) -> Result<VfsFile<'_>, anyhow::Error> {
    |                                                              ++++

warning: hiding a lifetime that's elided elsewhere is confusing
   --> rose-file-readers\src\vfs.rs:100:18
    |
100 |     fn open_file(&self, vfs_path: &VfsPath) -> Result<VfsFile, anyhow::Error> {
    |                  ^^^^^ the lifetime is elided here    ^^^^^^^ the same lifetime is hidden here
    |
    = help: the same lifetime is referred to in inconsistent ways, making the signature confusing
help: use `'_` for type paths
    |
100 |     fn open_file(&self, vfs_path: &VfsPath) -> Result<VfsFile<'_>, anyhow::Error> {
    |                                                              ++++

warning: `rose-file-readers` (lib) generated 8 warnings (run `cargo fix --lib -p rose-file-readers` to apply 7 suggestions)
warning: hiding a lifetime that's elided elsewhere is confusing
   --> rose-data\src\item_database.rs:579:21
    |
579 | ...em(&self, item: ItemReference) -> Option<ItemData> {
    |       ^^^^^ the lifetime is elided here     ^^^^^^^^ the same lifetime is hidden here
    |
    = help: the same lifetime is referred to in inconsistent ways, making the signature confusing
    = note: `#[warn(mismatched_lifetime_syntaxes)]` on by default
help: use `'_` for type paths
    |
579 |     pub fn get_item(&self, item: ItemReference) -> Option<ItemData<'_>> {
    |                                                                   ++++

warning: hiding a lifetime that's elided elsewhere is confusing
  --> rose-data\src\string_database.rs:67:21
   |
67 | ...em(&self, item_type: ItemType, key: &str) -> Option<StlItemEntry> {
   |       ^^^^^ the lifetime is elided here                ^^^^^^^^^^^^ the same lifetime is hidden here
   |
   = help: the same lifetime is referred to in inconsistent ways, making the signature confusing
help: use `'_` for type paths
   |
67 |     pub fn get_item(&self, item_type: ItemType, key: &str) -> Option<StlItemEntry<'_>> {
   |                                                                                  ++++

warning: hiding a lifetime that's elided elsewhere is confusing
  --> rose-data\src\string_database.rs:97:20
   |
97 | ...pc(&self, key: &str) -> Option<StlNormalEntry> {
   |       ^^^^^                       ^^^^^^^^^^^^^^ the same lifetime is hidden here
   |       |
   |       the lifetime is elided here
   |
   = help: the same lifetime is referred to in inconsistent ways, making the signature confusing
help: use `'_` for type paths
   |
97 |     pub fn get_npc(&self, key: &str) -> Option<StlNormalEntry<'_>> {
   |                                                              ++++

warning: hiding a lifetime that's elided elsewhere is confusing
   --> rose-data\src\string_database.rs:102:30
    |
102 | ...ab(&self, key: &str) -> Option<StlNormalEntry> {
    |       ^^^^^                       ^^^^^^^^^^^^^^ the same lifetime is hidden here
    |       |
    |       the lifetime is elided here
    |
    = help: the same lifetime is referred to in inconsistent ways, making the signature confusing
help: use `'_` for type paths
    |
102 |     pub fn get_npc_store_tab(&self, key: &str) -> Option<StlNormalEntry<'_>> {
    |                                                                        ++++

warning: hiding a lifetime that's elided elsewhere is confusing
   --> rose-data\src\string_database.rs:107:22
    |
107 | ...st(&self, key: &str) -> Option<StlQuestEntry> {
    |       ^^^^^                       ^^^^^^^^^^^^^ the same lifetime is hidden here
    |       |
    |       the lifetime is elided here
    |
    = help: the same lifetime is referred to in inconsistent ways, making the signature confusing
help: use `'_` for type paths
    |
107 |     pub fn get_quest(&self, key: &str) -> Option<StlQuestEntry<'_>> {
    |                                                               ++++

warning: hiding a lifetime that's elided elsewhere is confusing
   --> rose-data\src\string_database.rs:112:22
    |
112 | ...ll(&self, key: &str) -> Option<StlItemEntry> {
    |       ^^^^^                       ^^^^^^^^^^^^ the same lifetime is hidden here
    |       |
    |       the lifetime is elided here
    |
    = help: the same lifetime is referred to in inconsistent ways, making the signature confusing
help: use `'_` for type paths
    |
112 |     pub fn get_skill(&self, key: &str) -> Option<StlItemEntry<'_>> {
    |                                                              ++++

warning: hiding a lifetime that's elided elsewhere is confusing
   --> rose-data\src\string_database.rs:143:30
    |
143 | ...ct(&self, key: &str) -> Option<StlQuestEntry> {
    |       ^^^^^                       ^^^^^^^^^^^^^ the same lifetime is hidden here
    |       |
    |       the lifetime is elided here
    |
    = help: the same lifetime is referred to in inconsistent ways, making the signature confusing
help: use `'_` for type paths
    |
143 |     pub fn get_status_effect(&self, key: &str) -> Option<StlQuestEntry<'_>> {
    |                                                                       ++++

warning: hiding a lifetime that's elided elsewhere is confusing
   --> rose-data\src\string_database.rs:148:21
    |
148 | ...ne(&self, key: &str) -> Option<StlItemEntry> {
    |       ^^^^^                       ^^^^^^^^^^^^ the same lifetime is hidden here
    |       |
    |       the lifetime is elided here
    |
    = help: the same lifetime is referred to in inconsistent ways, making the signature confusing
help: use `'_` for type paths
    |
148 |     pub fn get_zone(&self, key: &str) -> Option<StlItemEntry<'_>> {
    |                                                             ++++

warning: `rose-data` (lib) generated 8 warnings (run `cargo fix --lib -p rose-data` to apply 8 suggestions)
warning: hiding a lifetime that's elided elsewhere is confusing
   --> rose-network-common\src\packet.rs:176:41
    |
176 | ...52(&mut self) -> Result<Cow<str>, Pac...
    |       ^^^^^^^^^            ^^^^^^^^ the same lifetime is hidden here
    |       |
    |       the lifetime is elided here
    |
    = help: the same lifetime is referred to in inconsistent ways, making the signature confusing
    = note: `#[warn(mismatched_lifetime_syntaxes)]` on by default
help: use `'_` for type paths
    |
176 |     pub fn read_null_terminated_win1252(&mut self) -> Result<Cow<'_, str>, PacketError> {
    |                                                                  +++

warning: `rose-network-common` (lib) generated 1 warning (run `cargo fix --lib -p rose-network-common` to apply 1 suggestion)
warning: method `find_bot_by_name` is never used
   --> rose-mcp-server\src\main.rs:200:14
    |
158 | impl RoseMcpServer {
    | ------------------ method in this implementation
...
200 |     async fn find_bot_by_name(&self, name: &str) -> Option<Uuid> {
    |              ^^^^^^^^^^^^^^^^
    |
    = note: `#[warn(dead_code)]` (part of `#[warn(unused)]`) on by default

warning: `rose-mcp-server` (bin "rose-mcp-server") generated 1 warning
   Compiling rose-offline-server v0.1.0 (C:\Users\vicha\RustroverProjects\rose-offline\rose-offline-server)
error[E0425]: cannot find type `With` in this scope
   --> rose-offline-server\src\game\systems\position_reconciliation_system.rs:114:27
    |
114 |     query: Query<Entity, (With<GameClient>, Without<PositionSnapshotTimer>)>,
    |                           ^^^^ not found in this scope
    |
help: consider importing this struct
    |
  1 + use bevy::prelude::With;
    |

error[E0425]: cannot find type `Without` in this scope
   --> rose-offline-server\src\game\systems\position_reconciliation_system.rs:114:45
    |
114 |     query: Query<Entity, (With<GameClient>, Without<PositionSnapshotTimer>)>,
    |                                             ^^^^^^^ not found in this scope
    |
help: consider importing this struct
    |
  1 + use bevy::prelude::Without;
    |

warning: unused import: `Without`
 --> rose-offline-server\src\game\bots\bot_use_attack_skill.rs:2:62
  |
2 |     prelude::{Commands, Component, Entity, Query, Res, With, Without},
  |                                                              ^^^^^^^
  |
  = note: `#[warn(unused_imports)]` (part of `#[warn(unused)]`) on by default

warning: unused import: `SkillType`
 --> rose-offline-server\src\game\bots\bot_use_attack_skill.rs:7:36
  |
7 | use rose_data::{SkillTargetFilter, SkillType};
  |                                    ^^^^^^^^^

warning: unused import: `Dead`
  --> rose-offline-server\src\game\bots\bot_use_attack_skill.rs:13:33
   |
13 |         CommandData, Cooldowns, Dead, Equipment, ExperiencePoints, HealthPoints, Inventory,
   |                                 ^^^^

warning: unused import: `Entity`
 --> rose-offline-server\src\game\bots\bot_use_buff_skill.rs:2:36
  |
2 |     prelude::{Commands, Component, Entity, Query, Res, With},
  |                                    ^^^^^^

warning: unused import: `Entity`
 --> rose-offline-server\src\game\bots\bot_use_heal_skill.rs:2:36
  |
2 |     prelude::{Commands, Component, Entity, Query, Res, With},
  |                                    ^^^^^^

warning: unused import: `StatusEffects`
  --> rose-offline-server\src\game\bots\bot_use_heal_skill.rs:13:46
   |
13 |         PartyMembership, SkillList, Stamina, StatusEffects, Team,
   |                                              ^^^^^^^^^^^^^

warning: unused import: `LlmBotCommandReceiver`
  --> rose-offline-server\src\game\bots\create_llm_buddy_bot.rs:26:37
   |
26 |     systems::llm_buddy_bot_system::{LlmBotCommandReceiver, LlmBotManagerResource},
   |                                     ^^^^^^^^^^^^^^^^^^^^^

warning: unused imports: `LlmBuddyBotBuildType`, `LlmBuddyBotConfig`, and `create_llm_buddy_bot`
  --> rose-offline-server\src\game\bots\mod.rs:29:29
   |
29 |     choose_equipment_items, create_llm_buddy_bot, get_bot_build, process_llm_bot_creations_system,
   |                             ^^^^^^^^^^^^^^^^^^^^
30 |     LlmBuddyBotBuildType, LlmBuddyBotConfig,
   |     ^^^^^^^^^^^^^^^^^^^^  ^^^^^^^^^^^^^^^^^

warning: unused imports: `CanPartyInviteNearbyBot` and `PartyInviteNearbyBot`
  --> rose-offline-server\src\game\bots\mod.rs:55:72
   |
55 |     action_party_invite_nearby_bot, score_can_party_invite_nearby_bot, CanPartyInviteNearbyBot,
   |                                                                        ^^^^^^^^^^^^^^^^^^^^^^^
56 |     PartyInviteNearbyBot,
   |     ^^^^^^^^^^^^^^^^^^^^

warning: unused import: `MONSTER_OBJECT_VARIABLES_COUNT`
  --> rose-offline-server\src\game\bundles\mod.rs:13:5
   |
13 |     MONSTER_OBJECT_VARIABLES_COUNT, NPC_OBJECT_VARIABLES_COUNT,
   |     ^^^^^^^^^^^^^^^^^^^^^^^^^^^^^^

warning: unused imports: `can_learn_skill` and `can_level_up_skill`
  --> rose-offline-server\src\game\bundles\mod.rs:16:5
   |
16 |     can_learn_skill, can_level_up_skill, skill_list_try_learn_skill, skill_list_try_level_up_skill,
   |     ^^^^^^^^^^^^^^^  ^^^^^^^^^^^^^^^^^^

warning: unused imports: `SkillCasterBundleItem`, `SkillCasterBundle`, `SkillTargetBundleItem`, `SkillTargetBundle`, `check_skill_target_filter`, `skill_can_target_entity`, `skill_can_target_position`, `skill_can_target_self`, and `skill_can_use`
  --> rose-offline-server\src\game\bundles\mod.rs:20:5
   |
20 |     check_skill_target_filter, skill_can_target_entity, skill_can_target_position,
   |     ^^^^^^^^^^^^^^^^^^^^^^^^^  ^^^^^^^^^^^^^^^^^^^^^^^  ^^^^^^^^^^^^^^^^^^^^^^^^^
21 |     skill_can_target_self, skill_can_use, SkillCasterBundle, SkillCasterBundleItem,
   |     ^^^^^^^^^^^^^^^^^^^^^  ^^^^^^^^^^^^^  ^^^^^^^^^^^^^^^^^  ^^^^^^^^^^^^^^^^^^^^^
22 |     SkillTargetBundle, SkillTargetBundleItem, GLOBAL_SKILL_COOLDOWN,
   |     ^^^^^^^^^^^^^^^^^  ^^^^^^^^^^^^^^^^^^^^^

warning: unused import: `Event`
 --> rose-offline-server\src\game\events\chat_command_event.rs:1:44
  |
1 | use bevy::{ecs::prelude::Entity, prelude::{Event, Message}};
  |                                            ^^^^^

warning: unused import: `Event`
 --> rose-offline-server\src\game\events\chat_event.rs:1:29
  |
1 | use bevy::prelude::{Entity, Event, Message};
  |                             ^^^^^

warning: unused import: `Event`
 --> rose-offline-server\src\game\events\clan_event.rs:1:29
  |
1 | use bevy::prelude::{Entity, Event, Message};
  |                             ^^^^^

warning: unused import: `Event`
 --> rose-offline-server\src\game\events\damage_event.rs:1:29
  |
1 | use bevy::prelude::{Entity, Event, Message};
  |                             ^^^^^

warning: unused import: `Event`
 --> rose-offline-server\src\game\events\equipment_event.rs:1:29
  |
1 | use bevy::prelude::{Entity, Event, Message};
  |                             ^^^^^

warning: unused import: `Event`
 --> rose-offline-server\src\game\events\item_life_event.rs:1:29
  |
1 | use bevy::prelude::{Entity, Event, Message};
  |                             ^^^^^

warning: unused import: `Event`
 --> rose-offline-server\src\game\events\npc_store_event.rs:1:44
  |
1 | use bevy::{ecs::prelude::Entity, prelude::{Event, Message}};
  |                                            ^^^^^

warning: unused import: `Event`
 --> rose-offline-server\src\game\events\party_event.rs:1:44
  |
1 | use bevy::{ecs::prelude::Entity, prelude::{Event, Message}};
  |                                            ^^^^^

warning: unused import: `Event`
 --> rose-offline-server\src\game\events\personal_store_event.rs:1:44
  |
1 | use bevy::{ecs::prelude::Entity, prelude::{Event, Message}};
  |                                            ^^^^^

warning: unused import: `Event`
 --> rose-offline-server\src\game\events\pickup_item_event.rs:1:29
  |
1 | use bevy::prelude::{Entity, Event, Message};
  |                             ^^^^^

warning: unused import: `Event`
 --> rose-offline-server\src\game\events\quest_trigger_event.rs:1:44
  |
1 | use bevy::{ecs::prelude::Entity, prelude::{Event, Message}};
  |                                            ^^^^^

warning: unused import: `Event`
 --> rose-offline-server\src\game\events\revive_event.rs:1:29
  |
1 | use bevy::prelude::{Entity, Event, Message};
  |                             ^^^^^

warning: unused import: `Event`
 --> rose-offline-server\src\game\events\reward_item_event.rs:1:44
  |
1 | use bevy::{ecs::prelude::Entity, prelude::{Event, Message}};
  |                                            ^^^^^

warning: unused import: `Event`
 --> rose-offline-server\src\game\events\reward_xp_event.rs:1:44
  |
1 | use bevy::{ecs::prelude::Entity, prelude::{Event, Message}};
  |                                            ^^^^^

warning: unused import: `Event`
 --> rose-offline-server\src\game\events\save_event.rs:1:44
  |
1 | use bevy::{ecs::prelude::Entity, prelude::{Event, Message}};
  |                                            ^^^^^

warning: unused import: `Event`
 --> rose-offline-server\src\game\events\skill_event.rs:2:44
  |
2 | use bevy::{ecs::prelude::Entity, prelude::{Event, Message}};
  |                                            ^^^^^

warning: unused import: `Event`
 --> rose-offline-server\src\game\events\use_ammo_event.rs:1:29
  |
1 | use bevy::prelude::{Entity, Event, Message};
  |                             ^^^^^

warning: unused import: `Event`
 --> rose-offline-server\src\game\events\use_item_event.rs:1:44
  |
1 | use bevy::{ecs::prelude::Entity, prelude::{Event, Message}};
  |                                            ^^^^^

warning: unused import: `restore_llm_buddy_bots_system`
  --> rose-offline-server\src\game\game_world.rs:46:23
   |
46 |         quest_system, restore_llm_buddy_bots_system, revive_event_system, reward_item_system, 
   |                       ^^^^^^^^^^^^^^^^^^^^^^^^^^^^^

warning: unused import: `ClientEntityZone`
  --> rose-offline-server\src\game\resources\mod.rs:15:65
   |
15 | pub use client_entity_list::{ClientEntityList, ClientEntitySet, ClientEntityZone};
   |                                                                 ^^^^^^^^^^^^^^^^

warning: unused import: `LoginToken`
  --> rose-offline-server\src\game\resources\mod.rs:19:24
   |
19 | pub use login_tokens::{LoginToken, LoginTokens};
   |                        ^^^^^^^^^^

warning: unused import: `SkillId`
  --> rose-offline-server\src\game\systems\command_system.rs:11:88
   |
11 |     AbilityType, AmmoIndex, EquipmentIndex, ItemClass, SkillActionMode, SkillCooldown, SkillId,
   |                                                                                        ^^^^^^^

warning: unused import: `ClientEntityId`
  --> rose-offline-server\src\game\systems\damage_system.rs:14:9
   |
14 |         ClientEntityId,
   |         ^^^^^^^^^^^^^^

warning: unused imports: `GetChatHistoryResponse`, `ItemInfo`, `NearbyEntity`, and `ThreatInfo`
  --> rose-offline-server\src\game\systems\llm_buddy_bot_system.rs:21:13
   |
21 |             ItemInfo, NearbyEntity, NearbyEntityType, ThreatInfo,
   |             ^^^^^^^^  ^^^^^^^^^^^^                    ^^^^^^^^^^
...
24 |         GetBotSkillsResponse, GetChatHistoryResponse, GetPlayerStatusResponse, GetZoneInfoResponse,
   |                               ^^^^^^^^^^^^^^^^^^^^^^

warning: unused import: `ZoneId`
  --> rose-offline-server\src\game\systems\llm_buddy_bot_system.rs:38:26
   |
38 | use rose_data::{SkillId, ZoneId};
   |                          ^^^^^^

warning: unused import: `PartyMembership`
  --> rose-offline-server\src\game\systems\llm_bot_teleport_to_player_system.rs:14:46
   |
14 |         ManaPoints, MotionData, NextCommand, PartyMembership, Position, Stamina, Team,
   |                                              ^^^^^^^^^^^^^^^

warning: unused import: `rose_game_common::data::PassiveRecoveryState`
 --> rose-offline-server\src\game\systems\passive_recovery_system.rs:8:5
  |
8 | use rose_game_common::data::PassiveRecoveryState;
  |     ^^^^^^^^^^^^^^^^^^^^^^^^^^^^^^^^^^^^^^^^^^^^

warning: unused import: `messages::server::ServerMessage`
  --> rose-offline-server\src\game\systems\passive_recovery_system.rs:14:5
   |
14 |     messages::server::ServerMessage,
   |     ^^^^^^^^^^^^^^^^^^^^^^^^^^^^^^^

warning: unused import: `math::Vec3`
 --> rose-offline-server\src\game\systems\position_reconciliation_system.rs:3:5
  |
3 |     math::Vec3,
  |     ^^^^^^^^^^

warning: unused imports: `ClientEntityList` and `ClientEntity`
 --> rose-offline-server\src\game\systems\position_reconciliation_system.rs:8:18
  |
8 |     components::{ClientEntity, GameClient, Position},
  |                  ^^^^^^^^^^^^
9 |     resources::{ClientEntityList, ServerMessages},
  |                 ^^^^^^^^^^^^^^^^

warning: unused import: `uuid::Uuid`
 --> rose-offline-server\src\game\systems\restore_llm_bots_system.rs:6:5
  |
6 | use uuid::Uuid;
  |     ^^^^^^^^^^

warning: unused import: `api::LlmBotCommand`
 --> rose-offline-server\src\game\systems\restore_llm_bots_system.rs:9:5
  |
9 |     api::LlmBotCommand,
  |     ^^^^^^^^^^^^^^^^^^

warning: unused import: `BotBuild`
 --> rose-offline-server\src\game\systems\startup_bots_system.rs:5:50
  |
5 |     bots::{bot_create_random_build, bot_thinker, BotBuild},
  |                                                  ^^^^^^^^

warning: unused import: `llm_bot_admin_command_system`
  --> rose-offline-server\src\game\systems\mod.rs:68:28
   |
68 |     LlmBotManagerResource, llm_bot_admin_command_system,
   |                            ^^^^^^^^^^^^^^^^^^^^^^^^^^^^

warning: unused import: `PositionSnapshotTimer`
  --> rose-offline-server\src\game\systems\mod.rs:84:35
   |
84 |     PositionReconciliationConfig, PositionSnapshotTimer,
   |                                   ^^^^^^^^^^^^^^^^^^^^^

warning: unused import: `http::Method`
 --> rose-offline-server\src\game\api\routes.rs:4:5
  |
4 |     http::Method,
  |     ^^^^^^^^^^^^

warning: unused imports: `Bytes`, `IntoResponse`, and `extract::State`
  --> rose-offline-server\src\game\api\server.rs:8:18
   |
 8 |     body::{Body, Bytes},
   |                  ^^^^^
 9 |     extract::State,
   |     ^^^^^^^^^^^^^^
...
12 |     response::{IntoResponse, Response},
   |                ^^^^^^^^^^^^

warning: unused import: `debug`
  --> rose-offline-server\src\game\api\server.rs:15:23
   |
15 | use log::{info, warn, debug};
   |                       ^^^^^

warning: unused imports: `Any` and `CorsLayer`
  --> rose-offline-server\src\game\api\server.rs:18:24
   |
18 | use tower_http::cors::{Any, CorsLayer};
   |                        ^^^  ^^^^^^^^^

warning: unused import: `routes::create_router`
  --> rose-offline-server\src\game\api\mod.rs:19:9
   |
19 | pub use routes::create_router;
   |         ^^^^^^^^^^^^^^^^^^^^^

warning: unused imports: `ApiServerConfig` and `start_api_server`
  --> rose-offline-server\src\game\api\mod.rs:20:18
   |
20 | pub use server::{start_api_server, ApiServerConfig};
   |                  ^^^^^^^^^^^^^^^^  ^^^^^^^^^^^^^^^

warning: unused import: `ApiState`
  --> rose-offline-server\src\game\api\mod.rs:21:17
   |
21 | pub use state::{ApiState, BotInfo};
   |                 ^^^^^^^^

warning: unused import: `game_world::GameWorld`
  --> rose-offline-server\src\game\mod.rs:16:9
   |
16 | pub use game_world::GameWorld;
   |         ^^^^^^^^^^^^^^^^^^^^^

error[E0277]: `PositionReconciliationConfig` is not a `Resource`
  --> rose-offline-server\src\game\systems\position_reconciliation_system.rs:61:13
   |
61 |     config: Res<PositionReconciliationConfig>,
   |             ^^^^^^^^^^^^^^^^^^^^^^^^^^^^^^^^^ invalid `Resource`
   |
help: the trait `bevy::prelude::Resource` is not implemented for `PositionReconciliationConfig`
  --> rose-offline-server\src\game\systems\position_reconciliation_system.rs:13:1
   |
13 | pub struct PositionReconciliationConfig {
   | ^^^^^^^^^^^^^^^^^^^^^^^^^^^^^^^^^^^^^^^
   = note: consider annotating `PositionReconciliationConfig` with `#[derive(Resource)]`
   = help: the following other types implement trait `bevy::prelude::Resource`:
             AccessibilityRequested
             AccumulatedMouseMotion
             AccumulatedMouseScroll
             AppTypeRegistry
             AssetProcessor
             AssetServer
             AssetSourceBuilders
             Assets<A>
           and 274 others
note: required by a bound in `bevy::prelude::Res`
  --> C:\Users\vicha\.cargo\registry\src\index.crates.io-1949cf8c6b5b557f\bevy_ecs-0.18.1\src\change_detection\params.rs:99:32
   |
99 | pub struct Res<'w, T: ?Sized + Resource> {
   |                                ^^^^^^^^ required by this bound in `Res`

error[E0277]: `PositionReconciliationConfig` is not a `Resource`
   --> rose-offline-server\src\game\game_world.rs:97:29
    |
 97 |         app.insert_resource(PositionReconciliationConfig::default());
    |             --------------- ^^^^^^^^^^^^^^^^^^^^^^^^^^^^^^^^^^^^^^^ invalid `Resource`
    |             |
    |             required by a bound introduced by this call
    |
help: the trait `bevy::prelude::Resource` is not implemented for `PositionReconciliationConfig`
   --> rose-offline-server\src\game\systems\position_reconciliation_system.rs:13:1
    |
 13 | pub struct PositionReconciliationConfig {
    | ^^^^^^^^^^^^^^^^^^^^^^^^^^^^^^^^^^^^^^^
    = note: consider annotating `PositionReconciliationConfig` with `#[derive(Resource)]`
    = help: the following other types implement trait `bevy::prelude::Resource`:
              AccessibilityRequested
              AccumulatedMouseMotion
              AccumulatedMouseScroll
              AppTypeRegistry
              AssetProcessor
              AssetServer
              AssetSourceBuilders
              Assets<A>
            and 274 others
note: required by a bound in `bevy::prelude::App::insert_resource`
   --> C:\Users\vicha\.cargo\registry\src\index.crates.io-1949cf8c6b5b557f\bevy_app-0.18.1\src\app.rs:435:31
    |
435 |     pub fn insert_resource<R: Resource>(&mut self, resource: R) -> &mut Self {
    |                               ^^^^^^^^ required by this bound in `App::insert_resource`

error[E0599]: `(..., ..., ...)` is not an iterator
   --> rose-offline-server\src\game\game_world.rs:247:18
    |
200 | /             (
201 | |                 (
202 | |                     world_time_system,
203 | |                     control_server_system,
...   |
247 | |                 .chain(),
    | |                 -^^^^^ `(..., ..., ...)` is not an iterator
    | |_________________|
    |
    |
    = note: the following trait bounds were not satisfied:
            `((for<'a, 'b> fn(bevy::prelude::Res<'a, Time>, bevy::prelude::ResMut<'b, world_time::WorldTime>) {world_time_system}, for<'a, 'b, 'c, 'd, 'e, 'f> fn(bevy::prelude::Commands<'a, 'b>, bevy::prelude::Res<'c, ControlChannel>, bevy::prelude::ResMut<'d, LoginTokens>, bevy::prelude::ResMut<'e, ServerList>, bevy::prelude::MessageWriter<'f, SaveEvent>) {control_server_system}, for<'a, 'b, 'c, 'd, 'e, 'f, 'g> fn(bevy::prelude::Commands<'a, 'b>, bevy::prelude::Query<'c, 'd, (bevy::prelude::Entity, &'e LoginClient), bevy::prelude::Without<Account>>, bevy::prelude::Res<'f, LoginTokens>, bevy::prelude::Res<'g, ServerList>) {login_server_authentication_system}, for<'a, 'b, 'c, 'd, 'e, 'f> fn(bevy::prelude::Query<'a, 'b, (bevy::prelude::Entity, &'c Account, &'d mut LoginClient)>, bevy::prelude::ResMut<'e, LoginTokens>, bevy::prelude::Res<'f, ServerList>) {login_server_system}, for<'a, 'b, 'c, 'd, 'e, 'f> fn(bevy::prelude::Commands<'a, 'b>, bevy::prelude::Query<'c, 'd, (bevy::prelude::Entity, &'e mut WorldClient), bevy::prelude::Without<Account>>, bevy::prelude::ResMut<'f, LoginTokens>) {world_server_authentication_system}, for<'a, 'b, 'c, 'd, 'e, 'f, 'g, 'h, 'i, 'j, 'k> fn(bevy::prelude::Query<'a, 'b, (&'c mut WorldClient, &'d mut Account, &'e mut character_list::CharacterList)>, bevy::prelude::Query<'f, 'g, &'h ServerInfo>, bevy::prelude::ResMut<'i, LoginTokens>, bevy::prelude::Res<'j, GameData>, bevy::prelude::MessageWriter<'k, ClanEvent>) {world_server_system}, for<'a, 'b, 'c, 'd, 'e, 'f, 'g, 'h, 'i, 'j, 'k, 'l, 'm> fn(bevy::prelude::Commands<'a, 'b>, bevy::prelude::Query<'c, 'd, (bevy::prelude::Entity, &'e mut GameClient), bevy::prelude::Without<CharacterInfo>>, bevy::prelude::Query<'f, 'g, &'h mut WorldClient>, bevy::prelude::Query<'i, 'j, (bevy::prelude::Entity, &'k mut game::components::clan::Clan)>, bevy::prelude::ResMut<'l, LoginTokens>, bevy::prelude::Res<'m, GameData>) {game_server_authentication_system}, for<'a, 'b, 'c, 'd, 'e, 'f, 'g, 'h, 'i, 'j, 'k, 'l, 'm, 'n, 'o, 'p, 'q, 'r> fn(bevy::prelude::Commands<'a, 'b>, bevy::prelude::Query<'c, 'd, (bevy::prelude::Entity, &'e GameClient, &'f CharacterInfo, &'g ExperiencePoints, &'h Team, &'i rose_game_common::components::HealthPoints, &'j ManaPoints, &'k position::Position), bevy::prelude::Without<ClientEntity>>, bevy::prelude::ResMut<'l, ClientEntityList>, bevy::prelude::Res<'m, WorldRates>, bevy::prelude::Res<'n, world_time::WorldTime>, bevy::prelude::Query<'o, 'p, (bevy::prelude::Entity, &'q mut party::Party)>, bevy::prelude::MessageWriter<'r, PartyMemberEvent>) {game_server_join_system}, ScheduleConfigs<Box<(dyn bevy::prelude::System<In = (), Out = ()> + 'static)>>, for<'a, 'b, 'c, 'd, 'e, 'f, 'g> fn(ChatCommandParams<'a, 'b>, bevy::prelude::Query<'c, 'd, ChatCommandUserQuery<'e>>, bevy::prelude::MessageReader<'f, 'g, ChatCommandEvent>) {chat_commands_system}, for<'a, 'b, 'c, 'd, 'e, 'f, 'g, 'h, 'i, 'j> fn(bevy::prelude::Commands<'a, 'b>, bevy::prelude::Query<'c, 'd, (bevy::prelude::Entity, &'e mut MonsterSpawnPoint, &'f position::Position)>, bevy::prelude::Res<'g, Time>, bevy::prelude::ResMut<'h, ClientEntityList>, bevy::prelude::Res<'i, GameData>, bevy::prelude::Res<'j, zone_list::ZoneList>) {monster_spawn_system}, for<'a, 'b, 'c, 'd, 'e, 'f, 'g, 'h, 'i, 'j, 'k, 'l, 'm, 'n, 'o, 'p, 'q, 'r, 's, 't, 'u, 'v, 'w, 'x> fn(AiSystemParameters<'a, 'b>, AiSystemResources<'c, 'd>, bevy::prelude::Query<'e, 'f, npc_ai_system::NpcQuery<'g>>, bevy::prelude::Query<'h, 'i, &'j mut MonsterSpawnPoint>, bevy::prelude::Query<'k, 'l, AttackerQuery<'m>>, bevy::prelude::Query<'n, 'o, KillerQuery<'p>>, bevy::prelude::Query<'q, 'r, &'s party::Party>, bevy::prelude::Query<'t, 'u, &'v GameClient>, bevy::prelude::Res<'w, WorldRates>, bevy::prelude::MessageWriter<'x, RewardXpEvent>) {npc_ai_system}, for<'a, 'b, 'c, 'd, 'e, 'f, 'g, 'h, 'i, 'j, 'k, 'l, 'm, 'n> fn(bevy::prelude::Commands<'a, 'b>, bevy::prelude::Query<'c, 'd, (bevy::prelude::Entity, &'e EntityExpireTime, std::option::Option<&'f position::Position>, std::option::Option<&'g ClientEntity>, std::option::Option<&'h ClientEntitySector>, std::option::Option<&'i game::components::command::Command>)>, bevy::prelude::Query<'j, 'k, (bevy::prelude::Entity, &'l OwnerExpireTime, std::option::Option<&'m PartyOwner>)>, bevy::prelude::ResMut<'n, ClientEntityList>) {expire_time_system}, for<'a, 'b, 'c, 'd, 'e, 'f, 'g, 'h, 'i, 'j, 'k, 'l> fn(bevy::prelude::Query<'a, 'b, (bevy::prelude::Entity, &'c ClientEntity, &'d AbilityValues, &'e mut rose_game_common::components::HealthPoints, std::option::Option<&'f mut ManaPoints>, &'g mut StatusEffects, &'h mut StatusEffectsRegen)>, bevy::prelude::MessageWriter<'i, DamageEvent>, bevy::prelude::ResMut<'j, ServerMessages>, bevy::prelude::Res<'k, GameData>, bevy::prelude::Res<'l, Time>) {status_effect_system}, for<'a, 'b, 'c, 'd, 'e, 'f, 'g, 'h, 'i, 'j, 'k> fn(bevy::prelude::Query<'a, 'b, (&'c mut PassiveRecoveryTime, &'d ClientEntity, &'e AbilityValues, &'f game::components::command::Command, &'g mut rose_game_common::components::HealthPoints, &'h mut ManaPoints), bevy::prelude::Without<dead::Dead>>, bevy::prelude::ResMut<'i, ServerMessages>, bevy::prelude::Res<'j, GameData>, bevy::prelude::Res<'k, Time>) {passive_recovery_system}, for<'a, 'b, 'c, 'd, 'e> fn(bevy::prelude::Query<'a, 'b, (bevy::prelude::Entity, &'c mut DrivingTime)>, bevy::prelude::Res<'d, Time>, bevy::prelude::MessageWriter<'e, ItemLifeEvent>) {driving_time_system}, for<'a, 'b, 'c, 'd, 'e, 'f, 'g, 'h, 'i, 'j, 'k, 'l, 'm, 'n, 'o, 'p, 'q, 'r, 's, 't, 'u, 'v, 'w, 'x, 'y, 'z, 'z0, 'z1, 'z2, 'z3, 'z4, 'z5, 'z6, 'z7, 'z8, 'z9, 'z10, 'z11, 'z12, 'z13, 'z14, 'z15, 'z16, 'z17, 'z18, 'z19, 'z20, 'z21, 'z22, 'z23, 'z24, 'z25, 'z26, 'z27, 'z28, 'z29, 'z30, 'z31> fn(bevy::prelude::Commands<'a, 'b>, bevy::prelude::Res<'c, LlmBotCommandReceiver>, bevy::prelude::ResMut<'d, LlmBotManagerResource>, bevy::prelude::ResMut<'e, ClientEntityList>, bevy::prelude::Query<'f, 'g, (&'h mut LlmBuddyBot, &'i mut game::components::command::Command, &'j mut NextCommand, &'k position::Position, bevy::prelude::Entity)>, bevy::prelude::Query<'l, 'm, &'n ClientEntity, bevy::prelude::With<LlmBuddyBot>>, bevy::prelude::Query<'o, 'p, (&'q ClientEntity, &'r ClientEntitySector, &'s position::Position), bevy::prelude::With<LlmBuddyBot>>, bevy::prelude::Query<'t, 'u, &'v SkillList>, bevy::prelude::Query<'w, 'x, (bevy::prelude::Entity, &'y ClientEntity, std::option::Option<&'z position::Position>, std::option::Option<&'z0 CharacterInfo>, std::option::Option<&'z1 rose_game_common::components::Npc>, std::option::Option<&'z2 ItemDrop>, std::option::Option<&'z3 rose_game_common::components::HealthPoints>, std::option::Option<&'z4 ManaPoints>, std::option::Option<&'z5 AbilityValues>, std::option::Option<&'z6 rose_game_common::components::Level>, std::option::Option<&'z7 game::components::command::Command>), bevy::prelude::Without<LlmBuddyBot>>, bevy::prelude::Query<'z8, 'z9, (&'z10 ClientEntity, &'z11 CharacterInfo, &'z12 position::Position, std::option::Option<&'z13 ManaPoints>, std::option::Option<&'z14 AbilityValues>, std::option::Option<&'z15 rose_game_common::components::Level>, std::option::Option<&'z16 game::components::command::Command>), bevy::prelude::Without<LlmBuddyBot>>, bevy::prelude::Query<'z17, 'z18, (&'z19 position::Position, std::option::Option<&'z20 rose_game_common::components::HealthPoints>, std::option::Option<&'z21 ManaPoints>, std::option::Option<&'z22 rose_game_common::components::Stamina>, std::option::Option<&'z23 AbilityValues>, std::option::Option<&'z24 dead::Dead>), bevy::prelude::With<LlmBuddyBot>>, bevy::prelude::Query<'z25, 'z26, &'z27 rose_game_common::components::Inventory>, bevy::prelude::ResMut<'z28, ServerMessages>, bevy::prelude::MessageWriter<'z29, UseItemEvent>, bevy::prelude::MessageWriter<'z30, ChatMessageEvent>, bevy::prelude::Res<'z31, GameData>) {process_llm_bot_commands_system}, for<'a, 'b, 'c, 'd, 'e, 'f, 'g, 'h, 'i, 'j, 'k, 'l, 'm, 'n> fn(bevy::prelude::Commands<'a, 'b>, bevy::prelude::Res<'c, GameData>, bevy::prelude::ResMut<'d, LlmBotManagerResource>, bevy::prelude::ResMut<'e, ClientEntityList>, bevy::prelude::Query<'f, 'g, (bevy::prelude::Entity, &'h position::Position, &'i CharacterInfo, &'j ClientEntity), bevy::prelude::Without<LlmBuddyBot>>, bevy::prelude::MessageWriter<'k, PartyEvent>, bevy::prelude::Query<'l, 'm, &'n AbilityValues, bevy::prelude::With<LlmBuddyBot>>) {process_llm_bot_creations_system}), ApplyDeferred, (ScheduleConfigs<Box<(dyn bevy::prelude::System<In = (), Out = ()> + 'static)>>, ScheduleConfigs<Box<(dyn bevy::prelude::System<In = (), Out = ()> + 'static)>>, for<'a, 'b, 'c, 'd, 'e, 'f, 'g, 'h, 'i, 'j, 'k, 'l, 'm, 'n, 'o, 'p, 'q> fn(bevy::prelude::Commands<'a, 'b>, bevy::prelude::MessageReader<'c, 'd, ClanEvent>, bevy::prelude::Query<'e, 'f, MemberQuery<'g>, Changed<ClanMembership>>, bevy::prelude::Query<'h, 'i, MemberQuery<'j>>, bevy::prelude::Query<'k, 'l, CreatorQuery<'m>>, bevy::prelude::Query<'n, 'o, &'p mut game::components::clan::Clan>, bevy::prelude::ResMut<'q, ServerMessages>) {clan_system}, for<'a, 'b, 'c, 'd, 'e, 'f, 'g, 'h> fn(bevy::prelude::Query<'a, 'b, (bevy::prelude::Entity, &'c GameClient, &'d position::Position, &'e mut PositionSnapshotTimer)>, bevy::prelude::ResMut<'f, ServerMessages>, bevy::prelude::Res<'g, Time>, bevy::prelude::Res<'h, PositionReconciliationConfig>) {position_reconciliation_system})): Iterator`
            which is required by `&mut ((for<'a, 'b> fn(bevy::prelude::Res<'a, Time>, bevy::prelude::ResMut<'b, world_time::WorldTime>) {world_time_system}, for<'a, 'b, 'c, 'd, 'e, 'f> fn(bevy::prelude::Commands<'a, 'b>, bevy::prelude::Res<'c, ControlChannel>, bevy::prelude::ResMut<'d, LoginTokens>, bevy::prelude::ResMut<'e, ServerList>, bevy::prelude::MessageWriter<'f, SaveEvent>) {control_server_system}, for<'a, 'b, 'c, 'd, 'e, 'f, 'g> fn(bevy::prelude::Commands<'a, 'b>, bevy::prelude::Query<'c, 'd, (bevy::prelude::Entity, &'e LoginClient), bevy::prelude::Without<Account>>, bevy::prelude::Res<'f, LoginTokens>, bevy::prelude::Res<'g, ServerList>) {login_server_authentication_system}, for<'a, 'b, 'c, 'd, 'e, 'f> fn(bevy::prelude::Query<'a, 'b, (bevy::prelude::Entity, &'c Account, &'d mut LoginClient)>, bevy::prelude::ResMut<'e, LoginTokens>, bevy::prelude::Res<'f, ServerList>) {login_server_system}, for<'a, 'b, 'c, 'd, 'e, 'f> fn(bevy::prelude::Commands<'a, 'b>, bevy::prelude::Query<'c, 'd, (bevy::prelude::Entity, &'e mut WorldClient), bevy::prelude::Without<Account>>, bevy::prelude::ResMut<'f, LoginTokens>) {world_server_authentication_system}, for<'a, 'b, 'c, 'd, 'e, 'f, 'g, 'h, 'i, 'j, 'k> fn(bevy::prelude::Query<'a, 'b, (&'c mut WorldClient, &'d mut Account, &'e mut character_list::CharacterList)>, bevy::prelude::Query<'f, 'g, &'h ServerInfo>, bevy::prelude::ResMut<'i, LoginTokens>, bevy::prelude::Res<'j, GameData>, bevy::prelude::MessageWriter<'k, ClanEvent>) {world_server_system}, for<'a, 'b, 'c, 'd, 'e, 'f, 'g, 'h, 'i, 'j, 'k, 'l, 'm> fn(bevy::prelude::Commands<'a, 'b>, bevy::prelude::Query<'c, 'd, (bevy::prelude::Entity, &'e mut GameClient), bevy::prelude::Without<CharacterInfo>>, bevy::prelude::Query<'f, 'g, &'h mut WorldClient>, bevy::prelude::Query<'i, 'j, (bevy::prelude::Entity, &'k mut game::components::clan::Clan)>, bevy::prelude::ResMut<'l, LoginTokens>, bevy::prelude::Res<'m, GameData>) {game_server_authentication_system}, for<'a, 'b, 'c, 'd, 'e, 'f, 'g, 'h, 'i, 'j, 'k, 'l, 'm, 'n, 'o, 'p, 'q, 'r> fn(bevy::prelude::Commands<'a, 'b>, bevy::prelude::Query<'c, 'd, (bevy::prelude::Entity, &'e GameClient, &'f CharacterInfo, &'g ExperiencePoints, &'h Team, &'i rose_game_common::components::HealthPoints, &'j ManaPoints, &'k position::Position), bevy::prelude::Without<ClientEntity>>, bevy::prelude::ResMut<'l, ClientEntityList>, bevy::prelude::Res<'m, WorldRates>, bevy::prelude::Res<'n, world_time::WorldTime>, bevy::prelude::Query<'o, 'p, (bevy::prelude::Entity, &'q mut party::Party)>, bevy::prelude::MessageWriter<'r, PartyMemberEvent>) {game_server_join_system}, ScheduleConfigs<Box<(dyn bevy::prelude::System<In = (), Out = ()> + 'static)>>, for<'a, 'b, 'c, 'd, 'e, 'f, 'g> fn(ChatCommandParams<'a, 'b>, bevy::prelude::Query<'c, 'd, ChatCommandUserQuery<'e>>, bevy::prelude::MessageReader<'f, 'g, ChatCommandEvent>) {chat_commands_system}, for<'a, 'b, 'c, 'd, 'e, 'f, 'g, 'h, 'i, 'j> fn(bevy::prelude::Commands<'a, 'b>, bevy::prelude::Query<'c, 'd, (bevy::prelude::Entity, &'e mut MonsterSpawnPoint, &'f position::Position)>, bevy::prelude::Res<'g, Time>, bevy::prelude::ResMut<'h, ClientEntityList>, bevy::prelude::Res<'i, GameData>, bevy::prelude::Res<'j, zone_list::ZoneList>) {monster_spawn_system}, for<'a, 'b, 'c, 'd, 'e, 'f, 'g, 'h, 'i, 'j, 'k, 'l, 'm, 'n, 'o, 'p, 'q, 'r, 's, 't, 'u, 'v, 'w, 'x> fn(AiSystemParameters<'a, 'b>, AiSystemResources<'c, 'd>, bevy::prelude::Query<'e, 'f, npc_ai_system::NpcQuery<'g>>, bevy::prelude::Query<'h, 'i, &'j mut MonsterSpawnPoint>, bevy::prelude::Query<'k, 'l, AttackerQuery<'m>>, bevy::prelude::Query<'n, 'o, KillerQuery<'p>>, bevy::prelude::Query<'q, 'r, &'s party::Party>, bevy::prelude::Query<'t, 'u, &'v GameClient>, bevy::prelude::Res<'w, WorldRates>, bevy::prelude::MessageWriter<'x, RewardXpEvent>) {npc_ai_system}, for<'a, 'b, 'c, 'd, 'e, 'f, 'g, 'h, 'i, 'j, 'k, 'l, 'm, 'n> fn(bevy::prelude::Commands<'a, 'b>, bevy::prelude::Query<'c, 'd, (bevy::prelude::Entity, &'e EntityExpireTime, std::option::Option<&'f position::Position>, std::option::Option<&'g ClientEntity>, std::option::Option<&'h ClientEntitySector>, std::option::Option<&'i game::components::command::Command>)>, bevy::prelude::Query<'j, 'k, (bevy::prelude::Entity, &'l OwnerExpireTime, std::option::Option<&'m PartyOwner>)>, bevy::prelude::ResMut<'n, ClientEntityList>) {expire_time_system}, for<'a, 'b, 'c, 'd, 'e, 'f, 'g, 'h, 'i, 'j, 'k, 'l> fn(bevy::prelude::Query<'a, 'b, (bevy::prelude::Entity, &'c ClientEntity, &'d AbilityValues, &'e mut rose_game_common::components::HealthPoints, std::option::Option<&'f mut ManaPoints>, &'g mut StatusEffects, &'h mut StatusEffectsRegen)>, bevy::prelude::MessageWriter<'i, DamageEvent>, bevy::prelude::ResMut<'j, ServerMessages>, bevy::prelude::Res<'k, GameData>, bevy::prelude::Res<'l, Time>) {status_effect_system}, for<'a, 'b, 'c, 'd, 'e, 'f, 'g, 'h, 'i, 'j, 'k> fn(bevy::prelude::Query<'a, 'b, (&'c mut PassiveRecoveryTime, &'d ClientEntity, &'e AbilityValues, &'f game::components::command::Command, &'g mut rose_game_common::components::HealthPoints, &'h mut ManaPoints), bevy::prelude::Without<dead::Dead>>, bevy::prelude::ResMut<'i, ServerMessages>, bevy::prelude::Res<'j, GameData>, bevy::prelude::Res<'k, Time>) {passive_recovery_system}, for<'a, 'b, 'c, 'd, 'e> fn(bevy::prelude::Query<'a, 'b, (bevy::prelude::Entity, &'c mut DrivingTime)>, bevy::prelude::Res<'d, Time>, bevy::prelude::MessageWriter<'e, ItemLifeEvent>) {driving_time_system}, for<'a, 'b, 'c, 'd, 'e, 'f, 'g, 'h, 'i, 'j, 'k, 'l, 'm, 'n, 'o, 'p, 'q, 'r, 's, 't, 'u, 'v, 'w, 'x, 'y, 'z, 'z0, 'z1, 'z2, 'z3, 'z4, 'z5, 'z6, 'z7, 'z8, 'z9, 'z10, 'z11, 'z12, 'z13, 'z14, 'z15, 'z16, 'z17, 'z18, 'z19, 'z20, 'z21, 'z22, 'z23, 'z24, 'z25, 'z26, 'z27, 'z28, 'z29, 'z30, 'z31> fn(bevy::prelude::Commands<'a, 'b>, bevy::prelude::Res<'c, LlmBotCommandReceiver>, bevy::prelude::ResMut<'d, LlmBotManagerResource>, bevy::prelude::ResMut<'e, ClientEntityList>, bevy::prelude::Query<'f, 'g, (&'h mut LlmBuddyBot, &'i mut game::components::command::Command, &'j mut NextCommand, &'k position::Position, bevy::prelude::Entity)>, bevy::prelude::Query<'l, 'm, &'n ClientEntity, bevy::prelude::With<LlmBuddyBot>>, bevy::prelude::Query<'o, 'p, (&'q ClientEntity, &'r ClientEntitySector, &'s position::Position), bevy::prelude::With<LlmBuddyBot>>, bevy::prelude::Query<'t, 'u, &'v SkillList>, bevy::prelude::Query<'w, 'x, (bevy::prelude::Entity, &'y ClientEntity, std::option::Option<&'z position::Position>, std::option::Option<&'z0 CharacterInfo>, std::option::Option<&'z1 rose_game_common::components::Npc>, std::option::Option<&'z2 ItemDrop>, std::option::Option<&'z3 rose_game_common::components::HealthPoints>, std::option::Option<&'z4 ManaPoints>, std::option::Option<&'z5 AbilityValues>, std::option::Option<&'z6 rose_game_common::components::Level>, std::option::Option<&'z7 game::components::command::Command>), bevy::prelude::Without<LlmBuddyBot>>, bevy::prelude::Query<'z8, 'z9, (&'z10 ClientEntity, &'z11 CharacterInfo, &'z12 position::Position, std::option::Option<&'z13 ManaPoints>, std::option::Option<&'z14 AbilityValues>, std::option::Option<&'z15 rose_game_common::components::Level>, std::option::Option<&'z16 game::components::command::Command>), bevy::prelude::Without<LlmBuddyBot>>, bevy::prelude::Query<'z17, 'z18, (&'z19 position::Position, std::option::Option<&'z20 rose_game_common::components::HealthPoints>, std::option::Option<&'z21 ManaPoints>, std::option::Option<&'z22 rose_game_common::components::Stamina>, std::option::Option<&'z23 AbilityValues>, std::option::Option<&'z24 dead::Dead>), bevy::prelude::With<LlmBuddyBot>>, bevy::prelude::Query<'z25, 'z26, &'z27 rose_game_common::components::Inventory>, bevy::prelude::ResMut<'z28, ServerMessages>, bevy::prelude::MessageWriter<'z29, UseItemEvent>, bevy::prelude::MessageWriter<'z30, ChatMessageEvent>, bevy::prelude::Res<'z31, GameData>) {process_llm_bot_commands_system}, for<'a, 'b, 'c, 'd, 'e, 'f, 'g, 'h, 'i, 'j, 'k, 'l, 'm, 'n> fn(bevy::prelude::Commands<'a, 'b>, bevy::prelude::Res<'c, GameData>, bevy::prelude::ResMut<'d, LlmBotManagerResource>, bevy::prelude::ResMut<'e, ClientEntityList>, bevy::prelude::Query<'f, 'g, (bevy::prelude::Entity, &'h position::Position, &'i CharacterInfo, &'j ClientEntity), bevy::prelude::Without<LlmBuddyBot>>, bevy::prelude::MessageWriter<'k, PartyEvent>, bevy::prelude::Query<'l, 'm, &'n AbilityValues, bevy::prelude::With<LlmBuddyBot>>) {process_llm_bot_creations_system}), ApplyDeferred, (ScheduleConfigs<Box<(dyn bevy::prelude::System<In = (), Out = ()> + 'static)>>, ScheduleConfigs<Box<(dyn bevy::prelude::System<In = (), Out = ()> + 'static)>>, for<'a, 'b, 'c, 'd, 'e, 'f, 'g, 'h, 'i, 'j, 'k, 'l, 'm, 'n, 'o, 'p, 'q> fn(bevy::prelude::Commands<'a, 'b>, bevy::prelude::MessageReader<'c, 'd, ClanEvent>, bevy::prelude::Query<'e, 'f, MemberQuery<'g>, Changed<ClanMembership>>, bevy::prelude::Query<'h, 'i, MemberQuery<'j>>, bevy::prelude::Query<'k, 'l, CreatorQuery<'m>>, bevy::prelude::Query<'n, 'o, &'p mut game::components::clan::Clan>, bevy::prelude::ResMut<'q, ServerMessages>) {clan_system}, for<'a, 'b, 'c, 'd, 'e, 'f, 'g, 'h> fn(bevy::prelude::Query<'a, 'b, (bevy::prelude::Entity, &'c GameClient, &'d position::Position, &'e mut PositionSnapshotTimer)>, bevy::prelude::ResMut<'f, ServerMessages>, bevy::prelude::Res<'g, Time>, bevy::prelude::Res<'h, PositionReconciliationConfig>) {position_reconciliation_system})): Iterator`
    = note: the full name for the type has been written to 'c:\Users\vicha\RustroverProjects\rose-offline\target\debug\deps\rose_offline_server-f05b48b070a6ad3f.long-type-7114466718451363253.txt'
    = note: consider using `--verbose` to print the full type name to the console

error[E0609]: no field `client_entity_id` on type `game_server_system::GameClientQueryItem<'_, '_, '_>`
    --> rose-offline-server\src\game\systems\game_server_system.rs:1092:56
     |
1092 | ...                   entity_id: game_client.client_entity_id,
     |                                              ^^^^^^^^^^^^^^^^ unknown field
     |
help: a field with a similar name exists
     |
1092 -                                 entity_id: game_client.client_entity_id,
1092 +                                 entity_id: game_client.client_entity,
     |

error[E0609]: no field `client_entity_id` on type `game_server_system::GameClientQueryItem<'_, '_, '_>`
    --> rose-offline-server\src\game\systems\game_server_system.rs:1098:41
     |
1098 | ...                   game_client.client_entity_id,
     |                                   ^^^^^^^^^^^^^^^^ unknown field
     |
help: a field with a similar name exists
     |
1098 -                             game_client.client_entity_id,
1098 +                             game_client.client_entity,
     |

error[E0609]: no field `client_entity_id` on type `game_server_system::GameClientQueryItem<'_, '_, '_>`
    --> rose-offline-server\src\game\systems\game_server_system.rs:1107:41
     |
1107 | ...                   game_client.client_entity_id,
     |                                   ^^^^^^^^^^^^^^^^ unknown field
     |
help: a field with a similar name exists
     |
1107 -                             game_client.client_entity_id,
1107 +                             game_client.client_entity,
     |

error[E0609]: no field `snapshot_interval_secs` on type `bevy::prelude::Res<'_, PositionReconciliationConfig>`
  --> rose-offline-server\src\game\systems\position_reconciliation_system.rs:70:42
   |
70 |         if snapshot_timer.timer < config.snapshot_interval_secs {
   |                                          ^^^^^^^^^^^^^^^^^^^^^^ unknown field

error[E0609]: no field `position` on type `&GameClient`
  --> rose-offline-server\src\game\systems\position_reconciliation_system.rs:81:43
   |
81 |         let client_position = game_client.position.position;
   |                                           ^^^^^^^^ unknown field
   |
   = note: available fields are: `client_message_rx`, `server_message_tx`, `login_token`, `world_client_entity`

error[E0599]: no method named `xy` found for struct `bevy::prelude::Vec3` in the current scope
   --> rose-offline-server\src\game\systems\position_reconciliation_system.rs:84:43
    |
 84 |         let divergence = (server_position.xy() - client_position.xy()).length();
    |                                           ^^
    |
   ::: C:\Users\vicha\.cargo\registry\src\index.crates.io-1949cf8c6b5b557f\glam-0.30.10\src\swizzles\vec_traits.rs:111:8
    |
111 |     fn xy(self) -> Self::Vec2;
    |        -- the method is available for `bevy::prelude::Vec3` here
    |
    = help: items from traits can only be used if the trait is in scope
help: trait `Vec3Swizzles` which provides `xy` is implemented but not in scope; perhaps you want to import it
    |
  1 + use bevy::prelude::Vec3Swizzles;
    |
help: there is a method `xx` with a similar name
    |
 84 -         let divergence = (server_position.xy() - client_position.xy()).length();
 84 +         let divergence = (server_position.xx() - client_position.xy()).length();
    |

error[E0609]: no field `max_divergence_cm` on type `bevy::prelude::Res<'_, PositionReconciliationConfig>`
  --> rose-offline-server\src\game\systems\position_reconciliation_system.rs:87:32
   |
87 |         if divergence > config.max_divergence_cm {
   |                                ^^^^^^^^^^^^^^^^^ unknown field

error[E0609]: no field `client_entity` on type `&GameClient`
  --> rose-offline-server\src\game\systems\position_reconciliation_system.rs:90:29
   |
90 |                 game_client.client_entity,
   |                             ^^^^^^^^^^^^^ unknown field
   |
   = note: available fields are: `client_message_rx`, `server_message_tx`, `login_token`, `world_client_entity`

error[E0609]: no field `client_entity_id` on type `&GameClient`
  --> rose-offline-server\src\game\systems\position_reconciliation_system.rs:92:44
   |
92 |                     entity_id: game_client.client_entity_id,
   |                                            ^^^^^^^^^^^^^^^^ unknown field
   |
   = note: available fields are: `client_message_rx`, `server_message_tx`, `login_token`, `world_client_entity`

error[E0609]: no field `client_entity_id` on type `&GameClient`
  --> rose-offline-server\src\game\systems\position_reconciliation_system.rs:99:29
   |
99 |                 game_client.client_entity_id,
   |                             ^^^^^^^^^^^^^^^^ unknown field
   |
   = note: available fields are: `client_message_rx`, `server_message_tx`, `login_token`, `world_client_entity`

error[E0609]: no field `max_divergence_cm` on type `bevy::prelude::Res<'_, PositionReconciliationConfig>`
   --> rose-offline-server\src\game\systems\position_reconciliation_system.rs:101:24
    |
101 |                 config.max_divergence_cm,
    |                        ^^^^^^^^^^^^^^^^^ unknown field

warning: unused variable: `time`
  --> rose-offline-server\src\game\bots\bot_snowball_fight.rs:35:5
   |
35 |     time: Res<Time>,
   |     ^^^^ help: if this is intentional, prefix it with an underscore: `_time`
   |
   = note: `#[warn(unused_variables)]` (part of `#[warn(unused)]`) on by default

warning: unused variable: `skill_data`
   --> rose-offline-server\src\game\bots\bot_use_attack_skill.rs:109:5
    |
109 |     skill_data: &rose_data::SkillData,
    |     ^^^^^^^^^^ help: if this is intentional, prefix it with an underscore: `_skill_data`

warning: unused variable: `caster_hp`
   --> rose-offline-server\src\game\bots\bot_use_attack_skill.rs:186:77
    |
186 |         let Ok((caster_entity, caster_ability_values, caster_client_entity, caster_hp,
    |                                                                             ^^^^^^^^^ help: if this is intentional, prefix it with an underscore: `_caster_hp`

warning: unused variable: `caster_ability_values`
   --> rose-offline-server\src\game\bots\bot_use_attack_skill.rs:310:40
    |
310 |                 let Ok((caster_entity, caster_ability_values, caster_client_entity, caster_hp,
    |                                        ^^^^^^^^^^^^^^^^^^^^^ help: if this is intentional, prefix it with an underscore: `_caster_ability_values`

warning: unused variable: `caster_hp`
   --> rose-offline-server\src\game\bots\bot_use_attack_skill.rs:310:85
    |
310 |                 let Ok((caster_entity, caster_ability_values, caster_client_entity, caster_hp,
    |                                                                                     ^^^^^^^^^ help: if this is intentional, prefix it with an underscore: `_caster_hp`

warning: unused variable: `caster_mana`
   --> rose-offline-server\src\game\bots\bot_use_attack_skill.rs:311:56
    |
311 |                         caster_move_mode, caster_team, caster_mana, caster_cooldowns,
    |                                                        ^^^^^^^^^^^ help: if this is intentional, prefix it with an underscore: `_caster_mana`

warning: unused variable: `health_points`
  --> rose-offline-server\src\game\bots\bot_use_buff_skill.rs:34:5
   |
34 |     health_points: &HealthPoints,
   |     ^^^^^^^^^^^^^ help: if this is intentional, prefix it with an underscore: `_health_points`

warning: unused variable: `team`
  --> rose-offline-server\src\game\bots\bot_use_buff_skill.rs:36:5
   |
36 |     team: &Team,
   |     ^^^^ help: if this is intentional, prefix it with an underscore: `_team`

warning: unused variable: `health_points`
  --> rose-offline-server\src\game\bots\bot_use_heal_skill.rs:35:5
   |
35 |     health_points: &HealthPoints,
   |     ^^^^^^^^^^^^^ help: if this is intentional, prefix it with an underscore: `_health_points`

warning: unused variable: `team`
  --> rose-offline-server\src\game\bots\bot_use_heal_skill.rs:37:5
   |
37 |     team: &Team,
   |     ^^^^ help: if this is intentional, prefix it with an underscore: `_team`

warning: unreachable pattern
  --> rose-offline-server\src\game\bots\create_llm_buddy_bot.rs:76:13
   |
75 |             "muse" | "cleric" => Ok(Self::Cleric),
   |             ----------------- matches all the relevant values
76 |             "cleric" => Ok(Self::Cleric),
   |             ^^^^^^^^ no value can reach this
   |
   = note: `#[warn(unreachable_patterns)]` (part of `#[warn(unused)]`) on by default

warning: unused variable: `time`
   --> rose-offline-server\src\game\bundles\entity.rs:222:9
    |
222 |         time: &Time,
    |         ^^^^ help: if this is intentional, prefix it with an underscore: `_time`

warning: variable does not need to be mutable
    --> rose-offline-server\src\game\systems\chat_commands_system.rs:1448:17
     |
1448 |             let mut target_position: Option<Position> = None;
     |                 ----^^^^^^^^^^^^^^^
     |                 |
     |                 help: remove this `mut`
     |
     = note: `#[warn(unused_mut)]` (part of `#[warn(unused)]`) on by default

warning: unused variable: `entity`
    --> rose-offline-server\src\game\systems\chat_commands_system.rs:1454:22
     |
1454 |                 for (entity, client_entity_type) in client_entity_zone.iter_entities() {
     |                      ^^^^^^ help: if this is intentional, prefix it with an underscore: `_entity`

warning: unused variable: `time`
   --> rose-offline-server\src\game\systems\client_entity_visibility_system.rs:168:5
    |
168 |     time: Res<Time>,
    |     ^^^^ help: if this is intentional, prefix it with an underscore: `_time`

warning: unused variable: `team`
   --> rose-offline-server\src\game\systems\command_system.rs:383:5
    |
383 |     team: &Team,
    |     ^^^^ help: if this is intentional, prefix it with an underscore: `_team`

warning: unused variable: `party_membership`
   --> rose-offline-server\src\game\systems\command_system.rs:389:5
    |
389 |     party_membership: Option<&PartyMembership>,
    |     ^^^^^^^^^^^^^^^^ help: if this is intentional, prefix it with an underscore: `_party_membership`

warning: unused variable: `clan_membership`
   --> rose-offline-server\src\game\systems\command_system.rs:390:5
    |
390 |     clan_membership: Option<&ClanMembership>,
    |     ^^^^^^^^^^^^^^^ help: if this is intentional, prefix it with an underscore: `_clan_membership`

warning: unused variable: `defender_entity_id`
   --> rose-offline-server\src\game\systems\damage_system.rs:106:13
    |
106 |             defender_entity_id,
    |             ^^^^^^^^^^^^^^^^^^ help: if this is intentional, prefix it with an underscore: `_defender_entity_id`

warning: unused variable: `item`
   --> rose-offline-server\src\game\systems\equipment_event_system.rs:658:21
    |
658 |         if let Some(item) = vehicle_item {
    |                     ^^^^ help: if this is intentional, prefix it with an underscore: `_item`

warning: variable does not need to be mutable
   --> rose-offline-server\src\game\systems\llm_buddy_bot_system.rs:364:47
    |
364 |                     if let Ok((mut buddy_bot, mut command, mut next_command, bot_position, _)) = bot_query.get_mut(entity) {
    |                                               ----^^^^^^^
    |                                               |
    |                                               help: remove this `mut`

warning: unused variable: `npc_opt`
   --> rose-offline-server\src\game\systems\llm_buddy_bot_system.rs:396:77
    |
396 | ...                   .filter(|(_, client_entity, pos_opt, _, npc_opt, _, _, _, _, _, _)| {
    |                                                               ^^^^^^^ help: if this is intentional, prefix it with an underscore: `_npc_opt`

warning: unused variable: `count`
   --> rose-offline-server\src\game\systems\llm_buddy_bot_system.rs:138:9
    |
138 |     let count = LOG_COUNTER.fetch_add(1, std::sync::atomic::Ordering::Relaxed);
    |         ^^^^^ help: if this is intentional, prefix it with an underscore: `_count`

warning: unused variable: `client_ent`
   --> rose-offline-server\src\game\systems\llm_buddy_bot_system.rs:191:38
    |
191 |                         if let Some((client_ent, char_info, pos, mp_opt, ability_opt, level_opt, command_opt)) =
    |                                      ^^^^^^^^^^ help: if this is intentional, prefix it with an underscore: `_client_ent`

warning: unused variable: `char_info`
   --> rose-offline-server\src\game\systems\llm_buddy_bot_system.rs:191:50
    |
191 |                         if let Some((client_ent, char_info, pos, mp_opt, ability_opt, level_opt, command_opt)) =
    |                                                  ^^^^^^^^^ help: if this is intentional, prefix it with an underscore: `_char_info`

warning: unused variable: `command`
   --> rose-offline-server\src\game\systems\llm_buddy_bot_system.rs:364:47
    |
364 |                     if let Ok((mut buddy_bot, mut command, mut next_command, bot_position, _)) = bot_query.get_mut(entity) {
    |                                               ^^^^^^^^^^^ help: if this is intentional, prefix it with an underscore: `_command`

warning: unused variable: `monster_ids`
   --> rose-offline-server\src\game\systems\llm_buddy_bot_system.rs:880:29
    |
880 |                         let monster_ids: Vec<(u32, &str)> = entities.iter()
    |                             ^^^^^^^^^^^ help: if this is intentional, prefix it with an underscore: `_monster_ids`

warning: unused variable: `player_ids`
   --> rose-offline-server\src\game\systems\llm_buddy_bot_system.rs:885:29
    |
885 |                         let player_ids: Vec<(u32, &str)> = entities.iter()
    |                             ^^^^^^^^^^ help: if this is intentional, prefix it with an underscore: `_player_ids`

warning: variable does not need to be mutable
    --> rose-offline-server\src\game\systems\llm_buddy_bot_system.rs:1353:42
     |
1353 |         let Ok((buddy_bot, bot_position, mut command, mut next_command)) = bot_query.get_mut(entity)
     |                                          ----^^^^^^^
     |                                          |
     |                                          help: remove this `mut`

warning: unused variable: `bot_id`
    --> rose-offline-server\src\game\systems\llm_buddy_bot_system.rs:1350:11
     |
1350 |     for (&bot_id, bot_info) in bots_map.iter() {
     |           ^^^^^^ help: if this is intentional, prefix it with an underscore: `_bot_id`

warning: variable does not need to be mutable
    --> rose-offline-server\src\game\systems\llm_buddy_bot_system.rs:1554:22
     |
1554 |     for (bot_entity, mut party_membership) in bot_query.iter_mut() {
     |                      ----^^^^^^^^^^^^^^^^
     |                      |
     |                      help: remove this `mut`

warning: unused variable: `game_data`
    --> rose-offline-server\src\game\systems\llm_buddy_bot_system.rs:1585:5
     |
1585 |     game_data: Res<GameData>,
     |     ^^^^^^^^^ help: if this is intentional, prefix it with an underscore: `_game_data`

warning: variable does not need to be mutable
    --> rose-offline-server\src\game\systems\npc_ai_system.rs:2083:5
     |
2083 |     mut delayed_spawn_query: Query<(Entity, &DelayedSpawn)>,
     |     ----^^^^^^^^^^^^^^^^^^^
     |     |
     |     help: remove this `mut`

warning: variable does not need to be mutable
  --> rose-offline-server\src\game\systems\passive_recovery_system.rs:33:5
   |
33 |     mut server_messages: ResMut<ServerMessages>,
   |     ----^^^^^^^^^^^^^^^
   |     |
   |     help: remove this `mut`

warning: variable does not need to be mutable
  --> rose-offline-server\src\game\systems\passive_recovery_system.rs:38:9
   |
38 |         mut passive_recovery_time,
   |         ----^^^^^^^^^^^^^^^^^^^^^
   |         |
   |         help: remove this `mut`

warning: variable does not need to be mutable
  --> rose-offline-server\src\game\systems\passive_recovery_system.rs:42:9
   |
42 |         mut health_points,
   |         ----^^^^^^^^^^^^^
   |         |
   |         help: remove this `mut`

warning: variable does not need to be mutable
  --> rose-offline-server\src\game\systems\passive_recovery_system.rs:43:9
   |
43 |         mut mana_points,
   |         ----^^^^^^^^^^^
   |         |
   |         help: remove this `mut`

warning: unused variable: `server_messages`
  --> rose-offline-server\src\game\systems\passive_recovery_system.rs:33:5
   |
33 |     mut server_messages: ResMut<ServerMessages>,
   |     ^^^^^^^^^^^^^^^^^^^ help: if this is intentional, prefix it with an underscore: `_server_messages`

warning: unused variable: `game_data`
  --> rose-offline-server\src\game\systems\passive_recovery_system.rs:34:5
   |
34 |     game_data: Res<GameData>,
   |     ^^^^^^^^^ help: if this is intentional, prefix it with an underscore: `_game_data`

warning: unused variable: `time`
  --> rose-offline-server\src\game\systems\passive_recovery_system.rs:35:5
   |
35 |     time: Res<Time>,
   |     ^^^^ help: if this is intentional, prefix it with an underscore: `_time`

warning: unused variable: `passive_recovery_time`
  --> rose-offline-server\src\game\systems\passive_recovery_system.rs:38:9
   |
38 |         mut passive_recovery_time,
   |         ^^^^^^^^^^^^^^^^^^^^^^^^^ help: if this is intentional, prefix it with an underscore: `_passive_recovery_time`

warning: unused variable: `client_entity`
  --> rose-offline-server\src\game\systems\passive_recovery_system.rs:39:9
   |
39 |         client_entity,
   |         ^^^^^^^^^^^^^ help: if this is intentional, prefix it with an underscore: `_client_entity`

warning: unused variable: `ability_values`
  --> rose-offline-server\src\game\systems\passive_recovery_system.rs:40:9
   |
40 |         ability_values,
   |         ^^^^^^^^^^^^^^ help: if this is intentional, prefix it with an underscore: `_ability_values`

warning: unused variable: `command`
  --> rose-offline-server\src\game\systems\passive_recovery_system.rs:41:9
   |
41 |         command,
   |         ^^^^^^^ help: if this is intentional, prefix it with an underscore: `_command`

warning: unused variable: `health_points`
  --> rose-offline-server\src\game\systems\passive_recovery_system.rs:42:9
   |
42 |         mut health_points,
   |         ^^^^^^^^^^^^^^^^^ help: if this is intentional, prefix it with an underscore: `_health_points`

warning: unused variable: `mana_points`
  --> rose-offline-server\src\game\systems\passive_recovery_system.rs:43:9
   |
43 |         mut mana_points,
   |         ^^^^^^^^^^^^^^^ help: if this is intentional, prefix it with an underscore: `_mana_points`

warning: unused variable: `zone_entities`
    --> rose-offline-server\src\game\systems\quest_system.rs:2296:17
     |
2296 |     if let Some(zone_entities) = quest_system_parameters.client_entity_list.get_zone(zone_id) {
     |                 ^^^^^^^^^^^^^ help: if this is intentional, prefix it with an underscore: `_zone_entities`

warning: variable does not need to be mutable
  --> rose-offline-server\src\game\systems\restore_llm_bots_system.rs:30:5
   |
30 |     mut bot_manager: bevy::ecs::system::ResMut<LlmBotManagerResource>,
   |     ----^^^^^^^^^^^
   |     |
   |     help: remove this `mut`

warning: value assigned to `result` is never read
   --> rose-offline-server\src\game\systems\skill_effect_system.rs:873:41
    |
873 | ...                   result = Err(SkillCastError::NotEnoughUseAbility);
    |                       ^^^^^^^^^^^^^^^^^^^^^^^^^^^^^^^^^^^^^^^^^^^^^^^^^
    |
    = help: maybe it is overwritten before being read?
    = note: `#[warn(unused_assignments)]` (part of `#[warn(unused)]`) on by default

warning: value assigned to `result` is never read
   --> rose-offline-server\src\game\systems\skill_effect_system.rs:876:37
    |
876 | ...                   result = Err(SkillCastError::NotEnoughUseAbility);
    |                       ^^^^^^^^^^^^^^^^^^^^^^^^^^^^^^^^^^^^^^^^^^^^^^^^^
    |
    = help: maybe it is overwritten before being read?

warning: variable does not need to be mutable
   --> rose-offline-server\src\game\systems\status_effect_system.rs:102:41
    |
102 | ...                   if let Some(mut mana_points) = mana_points.as_mut() {
    |                                   ----^^^^^^^^^^^
    |                                   |
    |                                   help: remove this `mut`

warning: unused variable: `query`
   --> rose-offline-server\src\game\api\handlers.rs:557:11
    |
557 |     Query(query): Query<NearbyQuery>,
    |           ^^^^^ help: if this is intentional, prefix it with an underscore: `_query`

Some errors have detailed explanations: E0277, E0425, E0599, E0609.
For more information about an error, try `rustc --explain E0277`.
warning: `rose-offline-server` (lib) generated 107 warnings
error: could not compile `rose-offline-server` (lib) due to 16 previous errors; 107 warnings emitted
